after-supp-parallel-wire-force-desktop-closed.png open=False results=1 katexErrors=0 backPx=0 overflowX=False size=960x169
after-supp-parallel-wire-force-desktop-open.png open=True results=1 katexErrors=0 backPx=213 overflowX=False size=960x425
after-supp-radiation-field-desktop-closed.png open=False results=1 katexErrors=0 backPx=0 overflowX=False size=960x169
after-supp-radiation-field-desktop-open.png open=True results=1 katexErrors=0 backPx=187 overflowX=False size=960x399
after-supp-coaxial-desktop-closed.png open=False results=1 katexErrors=0 backPx=0 overflowX=False size=960x194
after-supp-coaxial-desktop-open.png open=True results=1 katexErrors=0 backPx=370 overflowX=False size=960x607
after-supp-capacitor-energy-halving-desktop-closed.png open=False results=1 katexErrors=0 backPx=0 overflowX=False size=960x169
after-supp-capacitor-energy-halving-desktop-open.png open=True results=1 katexErrors=0 backPx=188 overflowX=False size=960x400
after-supp-energy-phase-desktop-closed.png open=False results=1 katexErrors=0 backPx=0 overflowX=False size=960x170
after-supp-energy-phase-desktop-open.png open=True results=1 katexErrors=0 backPx=177 overflowX=False size=960x390
after-supp-max-power-match-desktop-closed.png open=False results=1 katexErrors=0 backPx=0 overflowX=False size=960x170
after-supp-max-power-match-desktop-open.png open=True results=1 katexErrors=0 backPx=167 overflowX=False size=960x380
after-supp-newton-momentum-desktop-closed.png open=False results=1 katexErrors=0 backPx=0 overflowX=False size=960x169
after-supp-newton-momentum-desktop-open.png open=True results=1 katexErrors=0 backPx=280 overflowX=False size=960x492
after-supp-pendulum-mass-shift-shortcut-desktop-closed.png open=False results=1 katexErrors=0 backPx=0 overflowX=False size=960x170
after-supp-pendulum-mass-shift-shortcut-desktop-open.png open=True results=1 katexErrors=0 backPx=201 overflowX=False size=960x414
after-supp-brewster-angle-desktop-closed.png open=False results=2 katexErrors=0 backPx=0 overflowX=False size=960x169
after-supp-brewster-angle-desktop-open.png open=True results=2 katexErrors=0 backPx=206 overflowX=False size=960x418
after-supp-nuclear-q-desktop-closed.png open=False results=1 katexErrors=0 backPx=0 overflowX=False size=960x169
after-supp-nuclear-q-desktop-open.png open=True results=1 katexErrors=0 backPx=219 overflowX=False size=960x432
after-supp-hydrogenic-z-scaling-desktop-closed.png open=False results=1 katexErrors=0 backPx=0 overflowX=False size=960x169
after-supp-hydrogenic-z-scaling-desktop-open.png open=True results=1 katexErrors=0 backPx=157 overflowX=False size=960x369
after-supp-parallel-wire-force-phone-closed.png open=False results=1 katexErrors=0 backPx=0 overflowX=False size=764x805
after-supp-parallel-wire-force-phone-open.png open=True results=1 katexErrors=0 backPx=430 overflowX=False size=764x1751
after-supp-radiation-field-phone-closed.png open=False results=1 katexErrors=0 backPx=0 overflowX=False size=764x796
after-supp-radiation-field-phone-open.png open=True results=1 katexErrors=0 backPx=396 overflowX=False size=764x1673
after-supp-coaxial-phone-closed.png open=False results=1 katexErrors=0 backPx=0 overflowX=False size=764x909
after-supp-coaxial-phone-open.png open=True results=1 katexErrors=0 backPx=568 overflowX=False size=764x2132
after-supp-capacitor-energy-halving-phone-closed.png open=False results=1 katexErrors=0 backPx=0 overflowX=False size=764x805
after-supp-capacitor-energy-halving-phone-open.png open=True results=1 katexErrors=0 backPx=330 overflowX=False size=764x1552
after-supp-energy-phase-phone-closed.png open=False results=1 katexErrors=0 backPx=0 overflowX=False size=764x766
after-supp-energy-phase-phone-open.png open=True results=1 katexErrors=0 backPx=342 overflowX=False size=764x1536
after-supp-max-power-match-phone-closed.png open=False results=1 katexErrors=0 backPx=0 overflowX=False size=764x856
after-supp-max-power-match-phone-open.png open=True results=1 katexErrors=0 backPx=381 overflowX=False size=764x1704
after-supp-newton-momentum-phone-closed.png open=False results=1 katexErrors=0 backPx=0 overflowX=False size=764x852
after-supp-newton-momentum-phone-open.png open=True results=1 katexErrors=0 backPx=467 overflowX=False size=764x1871
after-supp-pendulum-mass-shift-shortcut-phone-closed.png open=False results=1 katexErrors=0 backPx=0 overflowX=False size=764x854
after-supp-pendulum-mass-shift-shortcut-phone-open.png open=True results=1 katexErrors=0 backPx=366 overflowX=False size=764x1671
after-supp-brewster-angle-phone-closed.png open=False results=2 katexErrors=0 backPx=0 overflowX=False size=764x760
after-supp-brewster-angle-phone-open.png open=True results=2 katexErrors=0 backPx=347 overflowX=False size=764x1540
after-supp-nuclear-q-phone-closed.png open=False results=1 katexErrors=0 backPx=0 overflowX=False size=764x807
after-supp-nuclear-q-phone-open.png open=True results=1 katexErrors=0 backPx=456 overflowX=False size=764x1806
after-supp-hydrogenic-z-scaling-phone-closed.png open=False results=1 katexErrors=0 backPx=0 overflowX=False size=764x808
after-supp-hydrogenic-z-scaling-phone-open.png open=True results=1 katexErrors=0 backPx=299 overflowX=False size=764x1493
after-supp-drift-current-desktop-closed.png open=False results=1 katexErrors=0 backPx=0 overflowX=False size=960x169
after-supp-drift-current-desktop-open.png open=True results=1 katexErrors=0 backPx=224 overflowX=False size=960x435
after-supp-lattice-heat-capacity-desktop-closed.png open=False results=1 katexErrors=0 backPx=0 overflowX=False size=960x169
after-supp-lattice-heat-capacity-desktop-open.png open=True results=1 katexErrors=0 backPx=198 overflowX=False size=960x410
after-supp-qm-length-scales-desktop-closed.png open=False results=2 katexErrors=0 backPx=0 overflowX=False size=960x169
after-supp-qm-length-scales-desktop-open.png open=True results=2 katexErrors=0 backPx=228 overflowX=False size=960x440
after-supp-drift-current-phone-closed.png open=False results=1 katexErrors=0 backPx=0 overflowX=False size=764x710
after-supp-drift-current-phone-open.png open=True results=1 katexErrors=0 backPx=416 overflowX=False size=764x1629
after-supp-lattice-heat-capacity-phone-closed.png open=False results=1 katexErrors=0 backPx=0 overflowX=False size=764x805
after-supp-lattice-heat-capacity-phone-open.png open=True results=1 katexErrors=0 backPx=390 overflowX=False size=764x1671
after-supp-qm-length-scales-phone-closed.png open=False results=2 katexErrors=0 backPx=0 overflowX=False size=764x763
after-supp-qm-length-scales-phone-open.png open=True results=2 katexErrors=0 backPx=370 overflowX=False size=764x1589
after-supp-rc-rl-transients-desktop-closed.png open=False results=2 katexErrors=0 backPx=0 overflowX=False size=960x169
after-supp-rc-rl-transients-desktop-open.png open=True results=2 katexErrors=0 backPx=219 overflowX=False size=960x432
after-supp-thin-film-desktop-closed.png open=False results=2 katexErrors=0 backPx=0 overflowX=False size=960x169
after-supp-thin-film-desktop-open.png open=True results=2 katexErrors=0 backPx=207 overflowX=False size=960x419
after-supp-rc-rl-transients-phone-closed.png open=False results=2 katexErrors=0 backPx=0 overflowX=False size=764x711
after-supp-rc-rl-transients-phone-open.png open=True results=2 katexErrors=0 backPx=483 overflowX=False size=764x1762
after-supp-thin-film-phone-closed.png open=False results=2 katexErrors=0 backPx=0 overflowX=False size=764x852
after-supp-thin-film-phone-open.png open=True results=2 katexErrors=0 backPx=415 overflowX=False size=764x1768
