before-supp-parallel-wire-force-desktop-closed.png open=False results=1 katexErrors=0 backPx=0 overflowX=False size=960x168
before-supp-parallel-wire-force-desktop-open.png open=True results=1 katexErrors=0 backPx=389 overflowX=False size=960x600
before-supp-drift-current-desktop-closed.png open=False results=1 katexErrors=0 backPx=0 overflowX=False size=960x169
before-supp-drift-current-desktop-open.png open=True results=1 katexErrors=0 backPx=249 overflowX=False size=960x461
before-supp-radiation-field-desktop-closed.png open=False results=1 katexErrors=0 backPx=0 overflowX=False size=960x169
before-supp-radiation-field-desktop-open.png open=True results=1 katexErrors=0 backPx=313 overflowX=False size=960x525
before-supp-coaxial-desktop-closed.png open=False results=1 katexErrors=0 backPx=0 overflowX=False size=960x193
before-supp-coaxial-desktop-open.png open=True results=1 katexErrors=0 backPx=577 overflowX=False size=960x812
before-supp-rc-rl-transients-desktop-closed.png open=False results=2 katexErrors=0 backPx=0 overflowX=False size=960x169
before-supp-rc-rl-transients-desktop-open.png open=True results=2 katexErrors=0 backPx=320 overflowX=False size=960x532
before-supp-capacitor-energy-halving-desktop-closed.png open=False results=1 katexErrors=0 backPx=0 overflowX=False size=960x168
before-supp-capacitor-energy-halving-desktop-open.png open=True results=1 katexErrors=0 backPx=238 overflowX=False size=960x450
before-supp-energy-phase-desktop-closed.png open=False results=1 katexErrors=0 backPx=0 overflowX=False size=960x169
before-supp-energy-phase-desktop-open.png open=True results=1 katexErrors=0 backPx=312 overflowX=False size=960x524
before-supp-max-power-match-desktop-closed.png open=False results=1 katexErrors=0 backPx=0 overflowX=False size=960x168
before-supp-max-power-match-desktop-open.png open=True results=1 katexErrors=0 backPx=222 overflowX=False size=960x434
before-supp-newton-momentum-desktop-closed.png open=False results=1 katexErrors=0 backPx=0 overflowX=False size=960x192
before-supp-newton-momentum-desktop-open.png open=True results=1 katexErrors=0 backPx=337 overflowX=False size=960x572
before-supp-thin-film-desktop-closed.png open=False results=2 katexErrors=0 backPx=0 overflowX=False size=960x168
before-supp-thin-film-desktop-open.png open=True results=2 katexErrors=0 backPx=232 overflowX=False size=960x444
before-supp-pendulum-mass-shift-shortcut-desktop-closed.png open=False results=1 katexErrors=0 backPx=0 overflowX=False size=960x146
before-supp-pendulum-mass-shift-shortcut-desktop-open.png open=True results=1 katexErrors=0 backPx=277 overflowX=False size=960x465
before-supp-brewster-angle-desktop-closed.png open=False results=2 katexErrors=0 backPx=0 overflowX=False size=960x169
before-supp-brewster-angle-desktop-open.png open=True results=2 katexErrors=0 backPx=331 overflowX=False size=960x543
before-supp-nuclear-q-desktop-closed.png open=False results=1 katexErrors=0 backPx=0 overflowX=False size=960x169
before-supp-nuclear-q-desktop-open.png open=True results=1 katexErrors=0 backPx=244 overflowX=False size=960x456
before-supp-lattice-heat-capacity-desktop-closed.png open=False results=1 katexErrors=0 backPx=0 overflowX=False size=960x169
before-supp-lattice-heat-capacity-desktop-open.png open=True results=1 katexErrors=0 backPx=198 overflowX=False size=960x410
before-supp-qm-length-scales-desktop-closed.png open=False results=2 katexErrors=0 backPx=0 overflowX=False size=960x168
before-supp-qm-length-scales-desktop-open.png open=True results=2 katexErrors=0 backPx=226 overflowX=False size=960x438
before-supp-hydrogenic-z-scaling-desktop-closed.png open=False results=1 katexErrors=0 backPx=0 overflowX=False size=960x170
before-supp-hydrogenic-z-scaling-desktop-open.png open=True results=1 katexErrors=0 backPx=232 overflowX=False size=960x445
before-supp-parallel-wire-force-phone-closed.png open=False results=1 katexErrors=0 backPx=0 overflowX=False size=764x898
before-supp-parallel-wire-force-phone-open.png open=True results=1 katexErrors=0 backPx=906 overflowX=False size=764x2797
before-supp-drift-current-phone-closed.png open=False results=1 katexErrors=0 backPx=0 overflowX=False size=764x805
before-supp-drift-current-phone-open.png open=True results=1 katexErrors=0 backPx=499 overflowX=False size=764x1889
before-supp-radiation-field-phone-closed.png open=False results=1 katexErrors=0 backPx=0 overflowX=False size=764x853
before-supp-radiation-field-phone-open.png open=True results=1 katexErrors=0 backPx=703 overflowX=False size=764x2346
before-supp-coaxial-phone-closed.png open=False results=1 katexErrors=0 backPx=0 overflowX=False size=764x953
before-supp-coaxial-phone-open.png open=True results=1 katexErrors=0 backPx=1053 overflowX=False size=764x3146
before-supp-rc-rl-transients-phone-closed.png open=False results=2 katexErrors=0 backPx=0 overflowX=False size=764x758
before-supp-rc-rl-transients-phone-open.png open=True results=2 katexErrors=0 backPx=734 overflowX=False size=764x2311
before-supp-capacitor-energy-halving-phone-closed.png open=False results=1 katexErrors=0 backPx=0 overflowX=False size=764x852
before-supp-capacitor-energy-halving-phone-open.png open=True results=1 katexErrors=0 backPx=509 overflowX=False size=764x1956
before-supp-energy-phase-phone-closed.png open=False results=1 katexErrors=0 backPx=0 overflowX=False size=764x811
before-supp-energy-phase-phone-open.png open=True results=1 katexErrors=0 backPx=604 overflowX=False size=764x2106
before-supp-max-power-match-phone-closed.png open=False results=1 katexErrors=0 backPx=0 overflowX=False size=764x805
before-supp-max-power-match-phone-open.png open=True results=1 katexErrors=0 backPx=493 overflowX=False size=764x1878
before-supp-newton-momentum-phone-closed.png open=False results=1 katexErrors=0 backPx=0 overflowX=False size=764x993
before-supp-newton-momentum-phone-open.png open=True results=1 katexErrors=0 backPx=598 overflowX=False size=764x2274
before-supp-thin-film-phone-closed.png open=False results=2 katexErrors=0 backPx=0 overflowX=False size=764x852
before-supp-thin-film-phone-open.png open=True results=2 katexErrors=0 backPx=566 overflowX=False size=764x2069
before-supp-pendulum-mass-shift-shortcut-phone-closed.png open=False results=1 katexErrors=0 backPx=0 overflowX=False size=764x760
before-supp-pendulum-mass-shift-shortcut-phone-open.png open=True results=1 katexErrors=0 backPx=497 overflowX=False size=764x1841
before-supp-brewster-angle-phone-closed.png open=False results=2 katexErrors=0 backPx=0 overflowX=False size=764x760
before-supp-brewster-angle-phone-open.png open=True results=2 katexErrors=0 backPx=531 overflowX=False size=764x1907
before-supp-nuclear-q-phone-closed.png open=False results=1 katexErrors=0 backPx=0 overflowX=False size=764x854
before-supp-nuclear-q-phone-open.png open=True results=1 katexErrors=0 backPx=536 overflowX=False size=764x2011
before-supp-lattice-heat-capacity-phone-closed.png open=False results=1 katexErrors=0 backPx=0 overflowX=False size=764x853
before-supp-lattice-heat-capacity-phone-open.png open=True results=1 katexErrors=0 backPx=465 overflowX=False size=764x1868
before-supp-qm-length-scales-phone-closed.png open=False results=2 katexErrors=0 backPx=0 overflowX=False size=764x764
before-supp-qm-length-scales-phone-open.png open=True results=2 katexErrors=0 backPx=535 overflowX=False size=764x1920
before-supp-hydrogenic-z-scaling-phone-closed.png open=False results=1 katexErrors=0 backPx=0 overflowX=False size=764x809
before-supp-hydrogenic-z-scaling-phone-open.png open=True results=1 katexErrors=0 backPx=450 overflowX=False size=764x1794
